// Jest Snapshot v1, https://goo.gl/fbAQLP

exports[`Emoji rendered properly 1`] = `
<div>
  <span
    aria-hidden="false"
    aria-label="add"
    data-testid="emoji"
    role="img"
  >
    âž•
  </span>
</div>
`;
