// Jest Snapshot v1, https://goo.gl/fbAQLP

exports[`ProgressBar range props: 50 -> Range style width: 50% 1`] = `
.c1 {
  background: linear-gradient(-170deg,#9fdfbf 0%,#008000 100%);
  width: 50%;
  height: 100%;
  border-radius: inherit;
}

.c0 {
  width: 90%;
  height: 20px;
  border-radius: 10px;
  border: 1px solid #666;
  box-shadow: 0 0 1px 2px rgba(0,0,0,0.1);
}

<div>
  <div
    class="c0"
  >
    <div
      class="c1"
      data-testid="range"
    />
  </div>
</div>
`;
