// Jest Snapshot v1, https://goo.gl/fbAQLP

exports[`ProjectForm renders with all form fields as expected 1`] = `
.c1 {
  height: 100%;
  min-width: 0;
  grid-column-end: span 2;
  grid-row-end: span 1;
}

.c3 {
  height: 100%;
  min-width: 0;
  grid-column-end: span 4;
  grid-row-end: span 1;
}

.c5 {
  height: 100%;
  min-width: 0;
  grid-column-end: span 1;
  grid-row-end: span 1;
}

.c0 {
  display: grid;
  height: auto;
  grid-auto-flow: row;
  grid-auto-rows: minmax(30px,auto);
  grid-template-columns: repeat(11,1fr);
  grid-gap: 8px;
  -webkit-align-content: center;
  -ms-flex-line-pack: center;
  align-content: center;
}

.c2 {
  display: block;
  font-size: calc(5px + 1vmin);
  font-family: sans-serif;
  font-weight: 700;
  color: #444;
  line-height: 1.3;
  padding: 0.6em 0.8em 0.5em 0.8em;
  width: 100%;
  max-width: 100%;
  box-sizing: border-box;
  margin: 0;
  border: 1px solid #aaa;
  box-shadow: 0 1px 0 1px rgba(0,0,0,0.04);
  border-radius: 0.5em;
  -moz-appearance: none;
  -webkit-appearance: none;
  -webkit-appearance: none;
  -moz-appearance: none;
  appearance: none;
  background-color: #fff;
  background-image: url(''), linear-gradient(to bottom,#ffffff 0%,#e5e5e5 100%);
  background-repeat: no-repeat,repeat;
  background-position: right 0.7em top 50%,0 0;
  background-size: 0.65em auto,100%;
  padding: 0.6em 1.5em 0.5em 0.8em;
  background-image: url('data:image/svg+xml;charset=US-ASCII,%3Csvg%20xmlns%3D%22http%3A%2F%2Fwww.w3.org%2F2000%2Fsvg%22%20width%3D%22292.4%22%20height%3D%22292.4%22%3E%3Cpath%20fill%3D%22%23007CB2%22%20d%3D%22M287%2069.4a17.6%2017.6%200%200%200-13-5.4H18.4c-5%200-9.3%201.8-12.9%205.4A17.6%2017.6%200%200%200%200%2082.2c0%205%201.8%209.3%205.4%2012.9l128%20127.9c3.6%203.6%207.8%205.4%2012.8%205.4s9.2-1.8%2012.8-5.4L287%2095c3.5-3.5%205.4-7.8%205.4-12.8%200-5-1.9-9.2-5.5-12.8z%22%2F%3E%3C%2Fsvg%3E'), linear-gradient(to bottom,#ffffff 0%,#e5e5e5 100%);
}

.c4 {
  display: block;
  font-size: calc(5px + 1vmin);
  font-family: sans-serif;
  font-weight: 700;
  color: #444;
  line-height: 1.3;
  padding: 0.6em 0.8em 0.5em 0.8em;
  width: 100%;
  max-width: 100%;
  box-sizing: border-box;
  margin: 0;
  border: 1px solid #aaa;
  box-shadow: 0 1px 0 1px rgba(0,0,0,0.04);
  border-radius: 0.5em;
  -moz-appearance: none;
  -webkit-appearance: none;
  -webkit-appearance: none;
  -moz-appearance: none;
  appearance: none;
  background-color: #fff;
  background-image: url(''), linear-gradient(to bottom,#ffffff 0%,#e5e5e5 100%);
  background-repeat: no-repeat,repeat;
  background-position: right 0.7em top 50%,0 0;
  background-size: 0.65em auto,100%;
}

.c6 {
  display: block;
  font-size: calc(5px + 1vmin);
  font-family: sans-serif;
  font-weight: 700;
  color: #444;
  line-height: 1.3;
  padding: 0.6em 0.8em 0.5em 0.8em;
  width: 100%;
  max-width: 100%;
  box-sizing: border-box;
  margin: 0;
  border: 1px solid #aaa;
  box-shadow: 0 1px 0 1px rgba(0,0,0,0.04);
  border-radius: 0.5em;
  -moz-appearance: none;
  -webkit-appearance: none;
  -webkit-appearance: none;
  -moz-appearance: none;
  appearance: none;
  background-color: #fff;
  background-image: url(''), linear-gradient(to bottom,#ffffff 0%,#e5e5e5 100%);
  background-repeat: no-repeat,repeat;
  background-position: right 0.7em top 50%,0 0;
  background-size: 0.65em auto,100%;
  all: 'unset';
  cursor: pointer;
}

<div>
  <div
    style="width: 90%; margin-top: 10vh;"
  >
    <form
      data-testid="projectForm"
    >
      <div
        class="c0"
      >
        <div
          class="c1"
          width="2"
        >
          <select
            class="c2"
            data-testid="clientPicker"
            name="client"
          >
            <option
              value="select a client"
            >
              Select a client
            </option>
            <option
              value="Ikea"
            >
              Ikea
            </option>
            <option
              value="Agata meble"
            >
              Agata meble
            </option>
            <option
              value="Vitra"
            >
              Vitra
            </option>
            <option
              value="BoConcept"
            >
              BoConcept
            </option>
          </select>
        </div>
        <div
          class="c3"
          width="4"
        >
          <input
            class="c4"
            data-testid="projectInput"
            name="project"
            placeholder="Description of a project"
          />
        </div>
        <div
          class="c1"
          width="2"
        >
          <a
            currentitem="false"
            data-event="mouseenter mouseleave click"
            data-for="start date"
            data-tip="true"
          >
            <div
              class="react-datepicker-wrapper"
            >
              <div
                class="react-datepicker__input-container"
              >
                <input
                  class="DatePicker"
                  name="startDate"
                  type="text"
                  value="20.05.2019"
                />
              </div>
            </div>
          </a>
          <div
            class="__react_component_tooltip place-bottom type-dark "
            data-id="tooltip"
            id="start date"
          >
            <span>
              Enter start date of the project
            </span>
          </div>
        </div>
        <div
          class="c1"
          width="2"
        >
          <a
            currentitem="false"
            data-event="mouseenter mouseleave click"
            data-for="due date"
            data-tip="true"
          >
            <div
              class="react-datepicker-wrapper"
            >
              <div
                class="react-datepicker__input-container"
              >
                <input
                  class="DatePicker"
                  name="dueDate"
                  type="text"
                  value="19.06.2019"
                />
              </div>
            </div>
          </a>
          <div
            class="__react_component_tooltip place-bottom type-dark "
            data-id="tooltip"
            id="due date"
          >
            <span>
              Enter due date of the project
            </span>
          </div>
        </div>
        <div
          class="c5"
          width="1"
        >
          <a
            currentitem="false"
            data-for="submit button"
            data-tip="true"
          >
            <button
              class="c6"
              data-testid="addButton"
              disabled=""
              type="submit"
            >
              <span
                aria-hidden="false"
                aria-label="add"
                data-testid="emoji"
                role="img"
              >
                âž•
              </span>
            </button>
          </a>
          <div
            class="__react_component_tooltip place-bottom type-dark "
            data-id="tooltip"
            id="submit button"
          >
            <span>
              Fill in all the fields!
            </span>
          </div>
        </div>
      </div>
    </form>
  </div>
</div>
`;
