// Jest Snapshot v1, https://goo.gl/fbAQLP

exports[`App renders as expected 1`] = `
.c2 {
  height: 100%;
  min-width: 0;
  grid-column-end: span 1;
  grid-row-end: span 1;
  text-align: center;
  display: -webkit-inline-box;
  display: -webkit-inline-flex;
  display: -ms-inline-flexbox;
  display: inline-flex;
  -webkit-flex-flow: column wrap;
  -ms-flex-flow: column wrap;
  flex-flow: column wrap;
  -webkit-box-pack: center;
  -webkit-justify-content: center;
  -ms-flex-pack: center;
  justify-content: center;
  justify-self: stretch;
}

.c4 {
  height: 100%;
  min-width: 0;
  grid-column-end: span 2;
  grid-row-end: span 1;
  text-align: center;
  display: -webkit-inline-box;
  display: -webkit-inline-flex;
  display: -ms-inline-flexbox;
  display: inline-flex;
  -webkit-flex-flow: column wrap;
  -ms-flex-flow: column wrap;
  flex-flow: column wrap;
  -webkit-box-pack: center;
  -webkit-justify-content: center;
  -ms-flex-pack: center;
  justify-content: center;
  justify-self: stretch;
}

.c5 {
  height: 100%;
  min-width: 0;
  grid-column-end: span 4;
  grid-row-end: span 1;
  text-align: center;
  display: -webkit-inline-box;
  display: -webkit-inline-flex;
  display: -ms-inline-flexbox;
  display: inline-flex;
  -webkit-flex-flow: column wrap;
  -ms-flex-flow: column wrap;
  flex-flow: column wrap;
  -webkit-box-pack: center;
  -webkit-justify-content: center;
  -ms-flex-pack: center;
  justify-content: center;
  justify-self: stretch;
}

.c6 {
  height: 100%;
  min-width: 0;
  grid-column-end: span 3;
  grid-row-end: span 1;
  text-align: center;
  display: -webkit-inline-box;
  display: -webkit-inline-flex;
  display: -ms-inline-flexbox;
  display: inline-flex;
  -webkit-flex-flow: column wrap;
  -ms-flex-flow: column wrap;
  flex-flow: column wrap;
  -webkit-box-pack: center;
  -webkit-justify-content: center;
  -ms-flex-pack: center;
  justify-content: center;
  justify-self: stretch;
}

.c13 {
  height: 100%;
  min-width: 0;
  grid-column-end: span 2;
  grid-row-end: span 1;
}

.c15 {
  height: 100%;
  min-width: 0;
  grid-column-end: span 4;
  grid-row-end: span 1;
}

.c17 {
  height: 100%;
  min-width: 0;
  grid-column-end: span 1;
  grid-row-end: span 1;
}

.c1 {
  display: grid;
  height: auto;
  grid-auto-flow: row;
  grid-auto-rows: minmax(40px,auto);
  grid-template-columns: repeat(12,1fr);
  grid-gap: 8px;
}

.c12 {
  display: grid;
  height: auto;
  grid-auto-flow: row;
  grid-auto-rows: minmax(30px,auto);
  grid-template-columns: repeat(11,1fr);
  grid-gap: 8px;
  -webkit-align-content: center;
  -ms-flex-line-pack: center;
  align-content: center;
}

.c8 {
  background: linear-gradient(-170deg,#ff6699 0%,#b30000 100%);
  width: 83%;
  height: 100%;
  border-radius: inherit;
}

.c9 {
  background: linear-gradient(-170deg,#ffeb99 0%,#ffcc00 100%);
  width: 53%;
  height: 100%;
  border-radius: inherit;
}

.c10 {
  background: linear-gradient(-170deg,#9fdfbf 0%,#008000 100%);
  width: 14%;
  height: 100%;
  border-radius: inherit;
}

.c11 {
  background: linear-gradient(-170deg,#9fdfbf 0%,#008000 100%);
  width: 5%;
  height: 100%;
  border-radius: inherit;
}

.c7 {
  width: 90%;
  height: 20px;
  border-radius: 10px;
  border: 1px solid #666;
  box-shadow: 0 0 1px 2px rgba(0,0,0,0.1);
}

.c3 {
  all: 'unset';
  opacity: 0;
  cursor: pointer;
  border: none;
  -webkit-transition: all 0.5s;
  transition: all 0.5s;
  will-change: opacity;
  font-family: inherit;
  font-size: 100%;
  line-height: 1.15;
  margin: 0;
  overflow: visible;
  text-transform: none;
  -webkit-appearance: button;
  background: none;
}

.c0:hover {
  background: rgba(0,0,0,0.1);
}

.c14 {
  display: block;
  font-size: calc(5px + 1vmin);
  font-family: sans-serif;
  font-weight: 700;
  color: #444;
  line-height: 1.3;
  padding: 0.6em 0.8em 0.5em 0.8em;
  width: 100%;
  max-width: 100%;
  box-sizing: border-box;
  margin: 0;
  border: 1px solid #aaa;
  box-shadow: 0 1px 0 1px rgba(0,0,0,0.04);
  border-radius: 0.5em;
  -moz-appearance: none;
  -webkit-appearance: none;
  -webkit-appearance: none;
  -moz-appearance: none;
  appearance: none;
  background-color: #fff;
  background-image: url(''), linear-gradient(to bottom,#ffffff 0%,#e5e5e5 100%);
  background-repeat: no-repeat,repeat;
  background-position: right 0.7em top 50%,0 0;
  background-size: 0.65em auto,100%;
  padding: 0.6em 1.5em 0.5em 0.8em;
  background-image: url('data:image/svg+xml;charset=US-ASCII,%3Csvg%20xmlns%3D%22http%3A%2F%2Fwww.w3.org%2F2000%2Fsvg%22%20width%3D%22292.4%22%20height%3D%22292.4%22%3E%3Cpath%20fill%3D%22%23007CB2%22%20d%3D%22M287%2069.4a17.6%2017.6%200%200%200-13-5.4H18.4c-5%200-9.3%201.8-12.9%205.4A17.6%2017.6%200%200%200%200%2082.2c0%205%201.8%209.3%205.4%2012.9l128%20127.9c3.6%203.6%207.8%205.4%2012.8%205.4s9.2-1.8%2012.8-5.4L287%2095c3.5-3.5%205.4-7.8%205.4-12.8%200-5-1.9-9.2-5.5-12.8z%22%2F%3E%3C%2Fsvg%3E'), linear-gradient(to bottom,#ffffff 0%,#e5e5e5 100%);
}

.c16 {
  display: block;
  font-size: calc(5px + 1vmin);
  font-family: sans-serif;
  font-weight: 700;
  color: #444;
  line-height: 1.3;
  padding: 0.6em 0.8em 0.5em 0.8em;
  width: 100%;
  max-width: 100%;
  box-sizing: border-box;
  margin: 0;
  border: 1px solid #aaa;
  box-shadow: 0 1px 0 1px rgba(0,0,0,0.04);
  border-radius: 0.5em;
  -moz-appearance: none;
  -webkit-appearance: none;
  -webkit-appearance: none;
  -moz-appearance: none;
  appearance: none;
  background-color: #fff;
  background-image: url(''), linear-gradient(to bottom,#ffffff 0%,#e5e5e5 100%);
  background-repeat: no-repeat,repeat;
  background-position: right 0.7em top 50%,0 0;
  background-size: 0.65em auto,100%;
}

.c18 {
  display: block;
  font-size: calc(5px + 1vmin);
  font-family: sans-serif;
  font-weight: 700;
  color: #444;
  line-height: 1.3;
  padding: 0.6em 0.8em 0.5em 0.8em;
  width: 100%;
  max-width: 100%;
  box-sizing: border-box;
  margin: 0;
  border: 1px solid #aaa;
  box-shadow: 0 1px 0 1px rgba(0,0,0,0.04);
  border-radius: 0.5em;
  -moz-appearance: none;
  -webkit-appearance: none;
  -webkit-appearance: none;
  -moz-appearance: none;
  appearance: none;
  background-color: #fff;
  background-image: url(''), linear-gradient(to bottom,#ffffff 0%,#e5e5e5 100%);
  background-repeat: no-repeat,repeat;
  background-position: right 0.7em top 50%,0 0;
  background-size: 0.65em auto,100%;
  all: 'unset';
  cursor: pointer;
}

<div>
  <div
    class="App"
    data-testid="app"
  >
    <div
      style="width: 90%;"
    >
      <div
        class="c0"
      >
        <div
          class="c1"
        >
          <div
            class="c2"
            width="1"
          >
            <button
              class="c3"
              data-testid="completeButton"
            >
              <span
                aria-hidden="false"
                aria-label="complete"
                data-testid="emoji"
                role="img"
              >
                ✔
              </span>
            </button>
          </div>
          <div
            class="c4"
            width="2"
          >
            <span
              data-testid="client"
            >
              Vitra
            </span>
          </div>
          <div
            class="c5"
            width="4"
          >
            <span
              data-testid="project"
            >
              New task chair
            </span>
          </div>
          <div
            class="c4"
            width="2"
          >
            <span
              data-testid="dueDate"
            >
              07/17/2019
            </span>
          </div>
          <div
            class="c6"
            width="3"
          >
            <div
              class="c7"
            >
              <div
                class="c8"
                data-testid="range"
              />
            </div>
          </div>
        </div>
      </div>
      <div
        class="c0"
      >
        <div
          class="c1"
        >
          <div
            class="c2"
            width="1"
          >
            <button
              class="c3"
              data-testid="completeButton"
            >
              <span
                aria-hidden="false"
                aria-label="complete"
                data-testid="emoji"
                role="img"
              >
                ✔
              </span>
            </button>
          </div>
          <div
            class="c4"
            width="2"
          >
            <span
              data-testid="client"
            >
              Ikea
            </span>
          </div>
          <div
            class="c5"
            width="4"
          >
            <span
              data-testid="project"
            >
              500 pcs of Billy bookstands
            </span>
          </div>
          <div
            class="c4"
            width="2"
          >
            <span
              data-testid="dueDate"
            >
              07/24/2019
            </span>
          </div>
          <div
            class="c6"
            width="3"
          >
            <div
              class="c7"
            >
              <div
                class="c9"
                data-testid="range"
              />
            </div>
          </div>
        </div>
      </div>
      <div
        class="c0"
      >
        <div
          class="c1"
        >
          <div
            class="c2"
            width="1"
          >
            <button
              class="c3"
              data-testid="completeButton"
            >
              <span
                aria-hidden="false"
                aria-label="complete"
                data-testid="emoji"
                role="img"
              >
                ✔
              </span>
            </button>
          </div>
          <div
            class="c4"
            width="2"
          >
            <span
              data-testid="client"
            >
              Agata meble
            </span>
          </div>
          <div
            class="c5"
            width="4"
          >
            <span
              data-testid="project"
            >
              Flower pots
            </span>
          </div>
          <div
            class="c4"
            width="2"
          >
            <span
              data-testid="dueDate"
            >
              08/10/2019
            </span>
          </div>
          <div
            class="c6"
            width="3"
          >
            <div
              class="c7"
            >
              <div
                class="c10"
                data-testid="range"
              />
            </div>
          </div>
        </div>
      </div>
      <div
        class="c0"
      >
        <div
          class="c1"
        >
          <div
            class="c2"
            width="1"
          >
            <button
              class="c3"
              data-testid="completeButton"
            >
              <span
                aria-hidden="false"
                aria-label="complete"
                data-testid="emoji"
                role="img"
              >
                ✔
              </span>
            </button>
          </div>
          <div
            class="c4"
            width="2"
          >
            <span
              data-testid="client"
            >
              BoConcept
            </span>
          </div>
          <div
            class="c5"
            width="4"
          >
            <span
              data-testid="project"
            >
              50 sofas
            </span>
          </div>
          <div
            class="c4"
            width="2"
          >
            <span
              data-testid="dueDate"
            >
              08/30/2019
            </span>
          </div>
          <div
            class="c6"
            width="3"
          >
            <div
              class="c7"
            >
              <div
                class="c11"
                data-testid="range"
              />
            </div>
          </div>
        </div>
      </div>
    </div>
    <div
      style="width: 90%; margin-top: 10vh;"
    >
      <form
        data-testid="projectForm"
      >
        <div
          class="c12"
        >
          <div
            class="c13"
            width="2"
          >
            <select
              class="c14"
              data-testid="clientPicker"
              name="client"
            >
              <option
                value="select a client"
              >
                Select a client
              </option>
              <option
                value="Ikea"
              >
                Ikea
              </option>
              <option
                value="Agata meble"
              >
                Agata meble
              </option>
              <option
                value="Vitra"
              >
                Vitra
              </option>
              <option
                value="BoConcept"
              >
                BoConcept
              </option>
            </select>
          </div>
          <div
            class="c15"
            width="4"
          >
            <input
              class="c16"
              data-testid="projectInput"
              name="project"
              placeholder="Description of a project"
            />
          </div>
          <div
            class="c13"
            width="2"
          >
            <span
              currentitem="false"
              data-event="mouseenter mouseleave"
              data-for="start date"
              data-tip="true"
            >
              <div
                class="react-datepicker-wrapper"
              >
                <div
                  class="react-datepicker__input-container"
                >
                  <input
                    class="DatePicker"
                    name="startDate"
                    type="text"
                    value="11.07.2019"
                  />
                </div>
              </div>
            </span>
            <div
              class="__react_component_tooltip place-bottom type-dark "
              data-id="tooltip"
              id="start date"
            >
              <span>
                Enter start date of the project
              </span>
            </div>
          </div>
          <div
            class="c13"
            width="2"
          >
            <span
              currentitem="false"
              data-event="mouseenter mouseleave"
              data-for="due date"
              data-tip="true"
            >
              <div
                class="react-datepicker-wrapper"
              >
                <div
                  class="react-datepicker__input-container"
                >
                  <input
                    class="DatePicker"
                    name="dueDate"
                    type="text"
                    value="10.08.2019"
                  />
                </div>
              </div>
            </span>
            <div
              class="__react_component_tooltip place-bottom type-dark "
              data-id="tooltip"
              id="due date"
            >
              <span>
                Enter due date of the project
              </span>
            </div>
          </div>
          <div
            class="c17"
            width="1"
          >
            <a
              currentitem="false"
              data-for="submit button"
              data-tip="true"
            >
              <button
                class="c18"
                data-testid="addButton"
                disabled=""
                type="submit"
              >
                <span
                  aria-hidden="false"
                  aria-label="add"
                  data-testid="emoji"
                  role="img"
                >
                  ➕
                </span>
              </button>
            </a>
            <div
              class="__react_component_tooltip place-bottom type-dark "
              data-id="tooltip"
              id="submit button"
            >
              <span>
                Fill in all the fields!
              </span>
            </div>
          </div>
        </div>
      </form>
    </div>
  </div>
</div>
`;

exports[`MyApp renders as expected, adds new projects, removes projects 1`] = `
.c2 {
  height: 100%;
  min-width: 0;
  grid-column-end: span 1;
  grid-row-end: span 1;
  text-align: center;
  display: -webkit-inline-box;
  display: -webkit-inline-flex;
  display: -ms-inline-flexbox;
  display: inline-flex;
  -webkit-flex-flow: column wrap;
  -ms-flex-flow: column wrap;
  flex-flow: column wrap;
  -webkit-box-pack: center;
  -webkit-justify-content: center;
  -ms-flex-pack: center;
  justify-content: center;
  justify-self: stretch;
}

.c4 {
  height: 100%;
  min-width: 0;
  grid-column-end: span 2;
  grid-row-end: span 1;
  text-align: center;
  display: -webkit-inline-box;
  display: -webkit-inline-flex;
  display: -ms-inline-flexbox;
  display: inline-flex;
  -webkit-flex-flow: column wrap;
  -ms-flex-flow: column wrap;
  flex-flow: column wrap;
  -webkit-box-pack: center;
  -webkit-justify-content: center;
  -ms-flex-pack: center;
  justify-content: center;
  justify-self: stretch;
}

.c5 {
  height: 100%;
  min-width: 0;
  grid-column-end: span 4;
  grid-row-end: span 1;
  text-align: center;
  display: -webkit-inline-box;
  display: -webkit-inline-flex;
  display: -ms-inline-flexbox;
  display: inline-flex;
  -webkit-flex-flow: column wrap;
  -ms-flex-flow: column wrap;
  flex-flow: column wrap;
  -webkit-box-pack: center;
  -webkit-justify-content: center;
  -ms-flex-pack: center;
  justify-content: center;
  justify-self: stretch;
}

.c6 {
  height: 100%;
  min-width: 0;
  grid-column-end: span 3;
  grid-row-end: span 1;
  text-align: center;
  display: -webkit-inline-box;
  display: -webkit-inline-flex;
  display: -ms-inline-flexbox;
  display: inline-flex;
  -webkit-flex-flow: column wrap;
  -ms-flex-flow: column wrap;
  flex-flow: column wrap;
  -webkit-box-pack: center;
  -webkit-justify-content: center;
  -ms-flex-pack: center;
  justify-content: center;
  justify-self: stretch;
}

.c13 {
  height: 100%;
  min-width: 0;
  grid-column-end: span 2;
  grid-row-end: span 1;
}

.c15 {
  height: 100%;
  min-width: 0;
  grid-column-end: span 4;
  grid-row-end: span 1;
}

.c17 {
  height: 100%;
  min-width: 0;
  grid-column-end: span 1;
  grid-row-end: span 1;
}

.c1 {
  display: grid;
  height: auto;
  grid-auto-flow: row;
  grid-auto-rows: minmax(40px,auto);
  grid-template-columns: repeat(12,1fr);
  grid-gap: 8px;
}

.c12 {
  display: grid;
  height: auto;
  grid-auto-flow: row;
  grid-auto-rows: minmax(30px,auto);
  grid-template-columns: repeat(11,1fr);
  grid-gap: 8px;
  -webkit-align-content: center;
  -ms-flex-line-pack: center;
  align-content: center;
}

.c8 {
  background: linear-gradient(-170deg,#ff6699 0%,#b30000 100%);
  width: 83%;
  height: 100%;
  border-radius: inherit;
}

.c9 {
  background: linear-gradient(-170deg,#ffeb99 0%,#ffcc00 100%);
  width: 53%;
  height: 100%;
  border-radius: inherit;
}

.c10 {
  background: linear-gradient(-170deg,#9fdfbf 0%,#008000 100%);
  width: 14%;
  height: 100%;
  border-radius: inherit;
}

.c11 {
  background: linear-gradient(-170deg,#9fdfbf 0%,#008000 100%);
  width: 5%;
  height: 100%;
  border-radius: inherit;
}

.c7 {
  width: 90%;
  height: 20px;
  border-radius: 10px;
  border: 1px solid #666;
  box-shadow: 0 0 1px 2px rgba(0,0,0,0.1);
}

.c3 {
  all: 'unset';
  opacity: 0;
  cursor: pointer;
  border: none;
  -webkit-transition: all 0.5s;
  transition: all 0.5s;
  will-change: opacity;
  font-family: inherit;
  font-size: 100%;
  line-height: 1.15;
  margin: 0;
  overflow: visible;
  text-transform: none;
  -webkit-appearance: button;
  background: none;
}

.c0:hover {
  background: rgba(0,0,0,0.1);
}

.c14 {
  display: block;
  font-size: calc(5px + 1vmin);
  font-family: sans-serif;
  font-weight: 700;
  color: #444;
  line-height: 1.3;
  padding: 0.6em 0.8em 0.5em 0.8em;
  width: 100%;
  max-width: 100%;
  box-sizing: border-box;
  margin: 0;
  border: 1px solid #aaa;
  box-shadow: 0 1px 0 1px rgba(0,0,0,0.04);
  border-radius: 0.5em;
  -moz-appearance: none;
  -webkit-appearance: none;
  -webkit-appearance: none;
  -moz-appearance: none;
  appearance: none;
  background-color: #fff;
  background-image: url(''), linear-gradient(to bottom,#ffffff 0%,#e5e5e5 100%);
  background-repeat: no-repeat,repeat;
  background-position: right 0.7em top 50%,0 0;
  background-size: 0.65em auto,100%;
  padding: 0.6em 1.5em 0.5em 0.8em;
  background-image: url('data:image/svg+xml;charset=US-ASCII,%3Csvg%20xmlns%3D%22http%3A%2F%2Fwww.w3.org%2F2000%2Fsvg%22%20width%3D%22292.4%22%20height%3D%22292.4%22%3E%3Cpath%20fill%3D%22%23007CB2%22%20d%3D%22M287%2069.4a17.6%2017.6%200%200%200-13-5.4H18.4c-5%200-9.3%201.8-12.9%205.4A17.6%2017.6%200%200%200%200%2082.2c0%205%201.8%209.3%205.4%2012.9l128%20127.9c3.6%203.6%207.8%205.4%2012.8%205.4s9.2-1.8%2012.8-5.4L287%2095c3.5-3.5%205.4-7.8%205.4-12.8%200-5-1.9-9.2-5.5-12.8z%22%2F%3E%3C%2Fsvg%3E'), linear-gradient(to bottom,#ffffff 0%,#e5e5e5 100%);
}

.c16 {
  display: block;
  font-size: calc(5px + 1vmin);
  font-family: sans-serif;
  font-weight: 700;
  color: #444;
  line-height: 1.3;
  padding: 0.6em 0.8em 0.5em 0.8em;
  width: 100%;
  max-width: 100%;
  box-sizing: border-box;
  margin: 0;
  border: 1px solid #aaa;
  box-shadow: 0 1px 0 1px rgba(0,0,0,0.04);
  border-radius: 0.5em;
  -moz-appearance: none;
  -webkit-appearance: none;
  -webkit-appearance: none;
  -moz-appearance: none;
  appearance: none;
  background-color: #fff;
  background-image: url(''), linear-gradient(to bottom,#ffffff 0%,#e5e5e5 100%);
  background-repeat: no-repeat,repeat;
  background-position: right 0.7em top 50%,0 0;
  background-size: 0.65em auto,100%;
}

.c18 {
  display: block;
  font-size: calc(5px + 1vmin);
  font-family: sans-serif;
  font-weight: 700;
  color: #444;
  line-height: 1.3;
  padding: 0.6em 0.8em 0.5em 0.8em;
  width: 100%;
  max-width: 100%;
  box-sizing: border-box;
  margin: 0;
  border: 1px solid #aaa;
  box-shadow: 0 1px 0 1px rgba(0,0,0,0.04);
  border-radius: 0.5em;
  -moz-appearance: none;
  -webkit-appearance: none;
  -webkit-appearance: none;
  -moz-appearance: none;
  appearance: none;
  background-color: #fff;
  background-image: url(''), linear-gradient(to bottom,#ffffff 0%,#e5e5e5 100%);
  background-repeat: no-repeat,repeat;
  background-position: right 0.7em top 50%,0 0;
  background-size: 0.65em auto,100%;
  all: 'unset';
  cursor: pointer;
}

<div>
  <div
    class="App"
    data-testid="app"
  >
    <div
      style="width: 90%;"
    >
      <div
        class="c0"
      >
        <div
          class="c1"
        >
          <div
            class="c2"
            width="1"
          >
            <button
              class="c3"
              data-testid="completeButton"
            >
              <span
                aria-hidden="false"
                aria-label="complete"
                data-testid="emoji"
                role="img"
              >
                ✔
              </span>
            </button>
          </div>
          <div
            class="c4"
            width="2"
          >
            <span
              data-testid="client"
            >
              Vitra
            </span>
          </div>
          <div
            class="c5"
            width="4"
          >
            <span
              data-testid="project"
            >
              New task chair
            </span>
          </div>
          <div
            class="c4"
            width="2"
          >
            <span
              data-testid="dueDate"
            >
              07/17/2019
            </span>
          </div>
          <div
            class="c6"
            width="3"
          >
            <div
              class="c7"
            >
              <div
                class="c8"
                data-testid="range"
              />
            </div>
          </div>
        </div>
      </div>
      <div
        class="c0"
      >
        <div
          class="c1"
        >
          <div
            class="c2"
            width="1"
          >
            <button
              class="c3"
              data-testid="completeButton"
            >
              <span
                aria-hidden="false"
                aria-label="complete"
                data-testid="emoji"
                role="img"
              >
                ✔
              </span>
            </button>
          </div>
          <div
            class="c4"
            width="2"
          >
            <span
              data-testid="client"
            >
              Ikea
            </span>
          </div>
          <div
            class="c5"
            width="4"
          >
            <span
              data-testid="project"
            >
              500 pcs of Billy bookstands
            </span>
          </div>
          <div
            class="c4"
            width="2"
          >
            <span
              data-testid="dueDate"
            >
              07/24/2019
            </span>
          </div>
          <div
            class="c6"
            width="3"
          >
            <div
              class="c7"
            >
              <div
                class="c9"
                data-testid="range"
              />
            </div>
          </div>
        </div>
      </div>
      <div
        class="c0"
      >
        <div
          class="c1"
        >
          <div
            class="c2"
            width="1"
          >
            <button
              class="c3"
              data-testid="completeButton"
            >
              <span
                aria-hidden="false"
                aria-label="complete"
                data-testid="emoji"
                role="img"
              >
                ✔
              </span>
            </button>
          </div>
          <div
            class="c4"
            width="2"
          >
            <span
              data-testid="client"
            >
              Agata meble
            </span>
          </div>
          <div
            class="c5"
            width="4"
          >
            <span
              data-testid="project"
            >
              Flower pots
            </span>
          </div>
          <div
            class="c4"
            width="2"
          >
            <span
              data-testid="dueDate"
            >
              08/10/2019
            </span>
          </div>
          <div
            class="c6"
            width="3"
          >
            <div
              class="c7"
            >
              <div
                class="c10"
                data-testid="range"
              />
            </div>
          </div>
        </div>
      </div>
      <div
        class="c0"
      >
        <div
          class="c1"
        >
          <div
            class="c2"
            width="1"
          >
            <button
              class="c3"
              data-testid="completeButton"
            >
              <span
                aria-hidden="false"
                aria-label="complete"
                data-testid="emoji"
                role="img"
              >
                ✔
              </span>
            </button>
          </div>
          <div
            class="c4"
            width="2"
          >
            <span
              data-testid="client"
            >
              BoConcept
            </span>
          </div>
          <div
            class="c5"
            width="4"
          >
            <span
              data-testid="project"
            >
              50 sofas
            </span>
          </div>
          <div
            class="c4"
            width="2"
          >
            <span
              data-testid="dueDate"
            >
              08/30/2019
            </span>
          </div>
          <div
            class="c6"
            width="3"
          >
            <div
              class="c7"
            >
              <div
                class="c11"
                data-testid="range"
              />
            </div>
          </div>
        </div>
      </div>
    </div>
    <div
      style="width: 90%; margin-top: 10vh;"
    >
      <form
        data-testid="projectForm"
      >
        <div
          class="c12"
        >
          <div
            class="c13"
            width="2"
          >
            <select
              class="c14"
              data-testid="clientPicker"
              name="client"
            >
              <option
                value="select a client"
              >
                Select a client
              </option>
              <option
                value="Ikea"
              >
                Ikea
              </option>
              <option
                value="Agata meble"
              >
                Agata meble
              </option>
              <option
                value="Vitra"
              >
                Vitra
              </option>
              <option
                value="BoConcept"
              >
                BoConcept
              </option>
            </select>
          </div>
          <div
            class="c15"
            width="4"
          >
            <input
              class="c16"
              data-testid="projectInput"
              name="project"
              placeholder="Description of a project"
            />
          </div>
          <div
            class="c13"
            width="2"
          >
            <span
              currentitem="false"
              data-event="mouseenter mouseleave"
              data-for="start date"
              data-tip="true"
            >
              <div
                class="react-datepicker-wrapper"
              >
                <div
                  class="react-datepicker__input-container"
                >
                  <input
                    class="DatePicker"
                    name="startDate"
                    type="text"
                    value="11.07.2019"
                  />
                </div>
              </div>
            </span>
            <div
              class="__react_component_tooltip place-bottom type-dark "
              data-id="tooltip"
              id="start date"
            >
              <span>
                Enter start date of the project
              </span>
            </div>
          </div>
          <div
            class="c13"
            width="2"
          >
            <span
              currentitem="false"
              data-event="mouseenter mouseleave"
              data-for="due date"
              data-tip="true"
            >
              <div
                class="react-datepicker-wrapper"
              >
                <div
                  class="react-datepicker__input-container"
                >
                  <input
                    class="DatePicker"
                    name="dueDate"
                    type="text"
                    value="10.08.2019"
                  />
                </div>
              </div>
            </span>
            <div
              class="__react_component_tooltip place-bottom type-dark "
              data-id="tooltip"
              id="due date"
            >
              <span>
                Enter due date of the project
              </span>
            </div>
          </div>
          <div
            class="c17"
            width="1"
          >
            <a
              currentitem="false"
              data-for="submit button"
              data-tip="true"
            >
              <button
                class="c18"
                data-testid="addButton"
                disabled=""
                type="submit"
              >
                <span
                  aria-hidden="false"
                  aria-label="add"
                  data-testid="emoji"
                  role="img"
                >
                  ➕
                </span>
              </button>
            </a>
            <div
              class="__react_component_tooltip place-bottom type-dark "
              data-id="tooltip"
              id="submit button"
            >
              <span>
                Fill in all the fields!
              </span>
            </div>
          </div>
        </div>
      </form>
    </div>
  </div>
</div>
`;
